2026/05/30-09:55:46.674214Z 139850565254016 INFO LoggerManager.hpp start 44  : 启动日志清理器，保留  : 7 :  天日志 : 
2026/05/30-09:55:46.674507Z 139850565254016 INFO server.cpp main 881  : 加载配置文件:  : ../my.conf : 
2026/05/30-09:55:46.674580Z 139850565254016 INFO server.cpp PrintInfo 69  : ========== Server Config ========== : 
2026/05/30-09:55:46.674606Z 139850565254016 INFO server.cpp PrintInfo 70  : Listen IP:  : 127.0.0.1 : 
2026/05/30-09:55:46.674622Z 139850565254016 INFO server.cpp PrintInfo 71  : Listen Port:  : 6000 : 
2026/05/30-09:55:46.674636Z 139850565254016 INFO server.cpp PrintInfo 72  : Listen Max:  : 1024 : 
2026/05/30-09:55:46.674649Z 139850565254016 INFO server.cpp PrintInfo 73  : Thread Core Num:  : 4 : 
2026/05/30-09:55:46.674869Z 139850565254016 INFO server.cpp PrintInfo 74  : Thread Max Num:  : 17 : 
2026/05/30-09:55:46.675112Z 139850565254016 INFO server.cpp PrintInfo 75  : Task Queue Max:  : 1024 : 
2026/05/30-09:55:46.675338Z 139850565254016 INFO server.cpp PrintInfo 76  : Task Wait Time:  : 10 : us : 
2026/05/30-09:55:46.675563Z 139850565254016 INFO server.cpp PrintInfo 77  : Thread Wait Time:  : 10 : s : 
2026/05/30-09:55:46.675788Z 139850565254016 INFO server.cpp PrintInfo 78  : Enable Log Clean:  : 1 : 
2026/05/30-09:55:46.676011Z 139850565254016 INFO server.cpp PrintInfo 79  : Log Keep Days:  : 7 :  days : 
2026/05/30-09:55:46.676228Z 139850565254016 INFO server.cpp PrintInfo 80  : Log Directory:  : ./ : 
2026/05/30-09:55:46.676588Z 139850565254016 INFO server.cpp PrintInfo 81  : DB Host:  : 127.0.0.1 : 
2026/05/30-09:55:46.676760Z 139850565254016 INFO server.cpp PrintInfo 82  : DB Port:  : 3306 : 
2026/05/30-09:55:46.676814Z 139850565254016 INFO server.cpp PrintInfo 83  : DB Name:  : epoll_project : 
2026/05/30-09:55:46.676830Z 139850565254016 INFO server.cpp PrintInfo 84  : DB User:  : root : 
2026/05/30-09:55:46.676844Z 139850565254016 INFO server.cpp PrintInfo 85  : DB Pool Size:  : 8 : 
2026/05/30-09:55:46.676865Z 139850565254016 INFO server.cpp PrintInfo 86  : Redis Host:  : 127.0.0.1 : 
2026/05/30-09:55:46.676885Z 139850565254016 INFO server.cpp PrintInfo 87  : Redis Port:  : 6379 : 
2026/05/30-09:55:46.676903Z 139850565254016 INFO server.cpp PrintInfo 88  : Redis Pool Size:  : 4 : 
2026/05/30-09:55:46.676924Z 139850565254016 INFO server.cpp PrintInfo 89  : Redis TTL:  : 300 : s : 
2026/05/30-09:55:46.676943Z 139850565254016 INFO server.cpp PrintInfo 90  : =================================== : 
2026/05/30-09:55:46.676975Z 139850565254016 INFO server.cpp main 885  : 初始化MySQL连接池... : 
2026/05/30-09:55:47.395256Z 139850565254016 INFO server.cpp main 894  : MySQL连接池初始化完成，连接数:  : 8 : 
2026/05/30-09:55:47.395677Z 139850565254016 INFO server.cpp main 897  : 初始化Redis连接池... : 
2026/05/30-09:55:47.396562Z 139850565254016 INFO server.cpp main 904  : Redis连接池初始化完成，连接数:  : 4 : 
2026/05/30-09:55:47.398053Z 139850565254016 INFO server.cpp Run 793  : ========== 服务器启动成功 ========== : 
2026/05/30-09:55:47.398294Z 139850565254016 INFO server.cpp Run 794  : 监听地址:  : 127.0.0.1 : : : 6000 : 
2026/05/30-09:56:07.239000Z 139850522220288 INFO server.cpp Handle_Data 556  : 新客户端连接 - fd= : 18 : , 当前连接数= : 1 : 
2026/05/30-09:56:17.557156Z 139850522220288 INFO server.cpp User_Login 633  : [SERVER] 处理登录请求 : 
2026/05/30-09:56:18.976824Z 139850522220288 INFO server.cpp User_Login 647  : 用户登录成功 - tel:  : 11111111111 : , name:  : wf : 
2026/05/30-09:56:22.448951Z 139850539005696 INFO server.cpp Show_Ticket 657  : [SERVER] 处理查看票务请求 : 
2026/05/30-09:56:22.454941Z 139850539005696 INFO server.cpp Db_Show_Ticket 286  : [Redis] 缓存未命中，从数据库查询 : 
2026/05/30-09:56:22.514451Z 139850539005696 INFO server.cpp Db_Show_Ticket 334  : [Redis] 缓存已更新: ticket:list, TTL= : 300 : 
2026/05/30-09:56:26.174770Z 139850539005696 INFO server.cpp Yd_Ticket 672  : [SERVER] 处理预约请求 : 
2026/05/30-09:56:26.175169Z 139850539005696 INFO server.cpp Db_Yd_Ticket 350  : [Redis] 获取锁成功:  : lock:ticket:1 : 
2026/05/30-09:56:26.325527Z 139850539005696 INFO server.cpp Db_Yd_Ticket 405  : [Redis] 缓存已清除: ticket:list : 
2026/05/30-09:56:26.332262Z 139850539005696 INFO server.cpp Db_Yd_Ticket 409  : [Redis] 锁已释放:  : lock:ticket:1 : 
2026/05/30-09:56:28.544222Z 139850530612992 INFO server.cpp Show_My_Yuyue 689  : [SERVER] 处理查看我的预约请求 : 
2026/05/30-09:56:32.523608Z 139850539005696 INFO server.cpp Show_Ticket 657  : [SERVER] 处理查看票务请求 : 
2026/05/30-09:56:32.524561Z 139850539005696 INFO server.cpp Db_Show_Ticket 286  : [Redis] 缓存未命中，从数据库查询 : 
2026/05/30-09:56:32.535630Z 139850539005696 INFO server.cpp Db_Show_Ticket 334  : [Redis] 缓存已更新: ticket:list, TTL= : 300 : 
2026/05/30-09:56:35.66372Z 139850530612992 INFO server.cpp Show_Ticket 657  : [SERVER] 处理查看票务请求 : 
2026/05/30-09:56:35.67341Z 139850530612992 INFO server.cpp Db_Show_Ticket 281  : [Redis] 命中缓存: ticket:list : 
2026/05/30-09:56:36.322625Z 139850443388672 INFO server.cpp Show_Ticket 657  : [SERVER] 处理查看票务请求 : 
2026/05/30-09:56:36.323521Z 139850443388672 INFO server.cpp Db_Show_Ticket 281  : [Redis] 命中缓存: ticket:list : 
2026/05/30-09:56:38.935492Z 139850522220288 INFO server.cpp Show_Ticket 657  : [SERVER] 处理查看票务请求 : 
2026/05/30-09:56:38.936049Z 139850522220288 INFO server.cpp Db_Show_Ticket 281  : [Redis] 命中缓存: ticket:list : 
2026/05/30-09:56:39.736628Z 139850530612992 INFO server.cpp Show_Ticket 657  : [SERVER] 处理查看票务请求 : 
2026/05/30-09:56:39.738218Z 139850530612992 INFO server.cpp Db_Show_Ticket 281  : [Redis] 命中缓存: ticket:list : 
2026/05/30-09:56:40.890227Z 139850443388672 INFO server.cpp Yd_Ticket 672  : [SERVER] 处理预约请求 : 
2026/05/30-09:56:40.891251Z 139850443388672 INFO server.cpp Db_Yd_Ticket 350  : [Redis] 获取锁成功:  : lock:ticket:1 : 
2026/05/30-09:56:40.956240Z 139850443388672 INFO server.cpp Db_Yd_Ticket 405  : [Redis] 缓存已清除: ticket:list : 
2026/05/30-09:56:40.957236Z 139850443388672 INFO server.cpp Db_Yd_Ticket 409  : [Redis] 锁已释放:  : lock:ticket:1 : 
2026/05/30-09:56:42.141930Z 139850539005696 INFO server.cpp Show_Ticket 657  : [SERVER] 处理查看票务请求 : 
2026/05/30-09:56:42.142915Z 139850539005696 INFO server.cpp Db_Show_Ticket 286  : [Redis] 缓存未命中，从数据库查询 : 
2026/05/30-09:56:42.159975Z 139850539005696 INFO server.cpp Db_Show_Ticket 334  : [Redis] 缓存已更新: ticket:list, TTL= : 300 : 
2026/05/30-09:56:43.310480Z 139850530612992 INFO server.cpp Show_Ticket 657  : [SERVER] 处理查看票务请求 : 
2026/05/30-09:56:43.311373Z 139850530612992 INFO server.cpp Db_Show_Ticket 281  : [Redis] 命中缓存: ticket:list : 
2026/05/30-09:56:44.91879Z 139850443388672 INFO server.cpp Show_Ticket 657  : [SERVER] 处理查看票务请求 : 
2026/05/30-09:56:44.92275Z 139850443388672 INFO server.cpp Db_Show_Ticket 281  : [Redis] 命中缓存: ticket:list : 
2026/05/30-09:56:44.752667Z 139850539005696 INFO server.cpp Show_Ticket 657  : [SERVER] 处理查看票务请求 : 
2026/05/30-09:56:44.753175Z 139850539005696 INFO server.cpp Db_Show_Ticket 281  : [Redis] 命中缓存: ticket:list : 
2026/05/30-09:56:48.917154Z 139850522220288 INFO server.cpp Show_My_Yuyue 689  : [SERVER] 处理查看我的预约请求 : 
2026/05/30-09:56:55.750728Z 139850522220288 INFO server.cpp Cancel_Yuyue 706  : [SERVER] 处理取消预约请求 : 
2026/05/30-09:56:55.751407Z 139850522220288 INFO server.cpp Db_Cancel_Yuyue 480  : [Redis] 获取锁成功:  : lock:ticket:1 : 
2026/05/30-09:56:55.790131Z 139850522220288 INFO server.cpp Db_Cancel_Yuyue 534  : [Redis] 缓存已清除: ticket:list : 
2026/05/30-09:56:55.791094Z 139850522220288 INFO server.cpp Db_Cancel_Yuyue 538  : [Redis] 锁已释放:  : lock:ticket:1 : 
2026/05/30-09:56:59.761831Z 139850530612992 INFO server.cpp Show_My_Yuyue 689  : [SERVER] 处理查看我的预约请求 : 
2026/05/30-09:57:08.178715Z 139850530612992 INFO server.cpp Cancel_Yuyue 706  : [SERVER] 处理取消预约请求 : 
2026/05/30-09:57:08.179569Z 139850530612992 INFO server.cpp Db_Cancel_Yuyue 480  : [Redis] 获取锁成功:  : lock:ticket:2 : 
2026/05/30-09:57:11.786178Z 139850443388672 INFO server.cpp Handle_Data 728  : 客户端断开连接 - fd= : 18 : 
