2026/05/30-17:01:31.378694Z 140064089906048 INFO LoggerManager.hpp start 44  : 启动日志清理器，保留  : 7 :  天日志 : 
2026/05/30-17:01:31.379045Z 140064089906048 INFO server.cpp main 950  : 加载配置文件:  : ../my.conf : 
2026/05/30-17:01:31.379167Z 140064089906048 INFO server.cpp PrintInfo 85  : ========== Server Config ========== : 
2026/05/30-17:01:31.379218Z 140064089906048 INFO server.cpp PrintInfo 86  : Listen IP:  : 127.0.0.1 : 
2026/05/30-17:01:31.379245Z 140064089906048 INFO server.cpp PrintInfo 87  : Listen Port:  : 6000 : 
2026/05/30-17:01:31.379270Z 140064089906048 INFO server.cpp PrintInfo 88  : Listen Max:  : 1024 : 
2026/05/30-17:01:31.379294Z 140064089906048 INFO server.cpp PrintInfo 89  : Thread Core Num:  : 4 : 
2026/05/30-17:01:31.379317Z 140064089906048 INFO server.cpp PrintInfo 90  : Thread Max Num:  : 17 : 
2026/05/30-17:01:31.379340Z 140064089906048 INFO server.cpp PrintInfo 91  : Task Queue Max:  : 1024 : 
2026/05/30-17:01:31.379398Z 140064089906048 INFO server.cpp PrintInfo 92  : Task Wait Time:  : 10 : us : 
2026/05/30-17:01:31.379519Z 140064089906048 INFO server.cpp PrintInfo 93  : Thread Wait Time:  : 10 : s : 
2026/05/30-17:01:31.379589Z 140064089906048 INFO server.cpp PrintInfo 94  : Enable Log Clean:  : 1 : 
2026/05/30-17:01:31.379642Z 140064089906048 INFO server.cpp PrintInfo 95  : Log Keep Days:  : 7 :  days : 
2026/05/30-17:01:31.379694Z 140064089906048 INFO server.cpp PrintInfo 96  : Log Directory:  : ./ : 
2026/05/30-17:01:31.379751Z 140064089906048 INFO server.cpp PrintInfo 97  : DB Host:  : 127.0.0.1 : 
2026/05/30-17:01:31.379800Z 140064089906048 INFO server.cpp PrintInfo 98  : DB Port:  : 3306 : 
2026/05/30-17:01:31.379848Z 140064089906048 INFO server.cpp PrintInfo 99  : DB Name:  : epoll_project : 
2026/05/30-17:01:31.379974Z 140064089906048 INFO server.cpp PrintInfo 100  : DB User:  : root : 
2026/05/30-17:01:31.380049Z 140064089906048 INFO server.cpp PrintInfo 101  : DB Pool Size:  : 8 : 
2026/05/30-17:01:31.380107Z 140064089906048 INFO server.cpp PrintInfo 102  : Redis Host:  : 127.0.0.1 : 
2026/05/30-17:01:31.380158Z 140064089906048 INFO server.cpp PrintInfo 103  : Redis Port:  : 6379 : 
2026/05/30-17:01:31.380207Z 140064089906048 INFO server.cpp PrintInfo 104  : Redis Pool Size:  : 4 : 
2026/05/30-17:01:31.380257Z 140064089906048 INFO server.cpp PrintInfo 105  : Redis TTL:  : 300 : s : 
2026/05/30-17:01:31.380308Z 140064089906048 INFO server.cpp PrintInfo 106  : =================================== : 
2026/05/30-17:01:31.380398Z 140064089906048 INFO server.cpp main 954  : 初始化MySQL连接池... : 
2026/05/30-17:01:31.922504Z 140064089906048 INFO server.cpp main 963  : MySQL连接池初始化完成，连接数:  : 8 : 
2026/05/30-17:01:31.922794Z 140064089906048 INFO server.cpp main 966  : 初始化Redis连接池... : 
2026/05/30-17:01:31.924586Z 140064089906048 INFO server.cpp main 973  : Redis连接池初始化完成，连接数:  : 4 : 
2026/05/30-17:01:31.926395Z 140064089906048 INFO server.cpp Run 862  : ========== 服务器启动成功 ========== : 
2026/05/30-17:01:31.926499Z 140064089906048 INFO server.cpp Run 863  : 监听地址:  : 127.0.0.1 : : : 6000 : 
2026/05/30-17:01:46.703617Z 140063975401216 INFO server.cpp Handle_Data 578  : 新客户端连接 - fd= : 36 : , 当前连接数= : 1 : 
2026/05/30-17:01:51.692294Z 140063983793920 INFO server.cpp Handle_Data 769  : 客户端断开连接 - fd= : 36 : 
