2026/05/31-10:21:01.454524Z 140502319192960 INFO LoggerManager.hpp start 44  : 启动日志清理器，保留  : 7 :  天日志 : 
2026/05/31-10:21:01.455114Z 140502319192960 INFO server.cpp main 1078  : 加载配置文件:  : ../my.conf : 
2026/05/31-10:21:01.455867Z 140502319192960 INFO server.cpp PrintInfo 85  : ========== Server Config ========== : 
2026/05/31-10:21:01.456079Z 140502319192960 INFO server.cpp PrintInfo 86  : Listen IP:  : 127.0.0.1 : 
2026/05/31-10:21:01.456209Z 140502319192960 INFO server.cpp PrintInfo 87  : Listen Port:  : 6000 : 
2026/05/31-10:21:01.456273Z 140502319192960 INFO server.cpp PrintInfo 88  : Listen Max:  : 1024 : 
2026/05/31-10:21:01.456332Z 140502319192960 INFO server.cpp PrintInfo 89  : Thread Core Num:  : 4 : 
2026/05/31-10:21:01.456469Z 140502319192960 INFO server.cpp PrintInfo 90  : Thread Max Num:  : 17 : 
2026/05/31-10:21:01.456618Z 140502319192960 INFO server.cpp PrintInfo 91  : Task Queue Max:  : 1024 : 
2026/05/31-10:21:01.456680Z 140502319192960 INFO server.cpp PrintInfo 92  : Task Wait Time:  : 10 : us : 
2026/05/31-10:21:01.456730Z 140502319192960 INFO server.cpp PrintInfo 93  : Thread Wait Time:  : 10 : s : 
2026/05/31-10:21:01.456779Z 140502319192960 INFO server.cpp PrintInfo 94  : Enable Log Clean:  : 1 : 
2026/05/31-10:21:01.456826Z 140502319192960 INFO server.cpp PrintInfo 95  : Log Keep Days:  : 7 :  days : 
2026/05/31-10:21:01.456874Z 140502319192960 INFO server.cpp PrintInfo 96  : Log Directory:  : ./ : 
2026/05/31-10:21:01.456919Z 140502319192960 INFO server.cpp PrintInfo 97  : DB Host:  : 127.0.0.1 : 
2026/05/31-10:21:01.456964Z 140502319192960 INFO server.cpp PrintInfo 98  : DB Port:  : 3306 : 
2026/05/31-10:21:01.457010Z 140502319192960 INFO server.cpp PrintInfo 99  : DB Name:  : epoll_project : 
2026/05/31-10:21:01.457055Z 140502319192960 INFO server.cpp PrintInfo 100  : DB User:  : root : 
2026/05/31-10:21:01.457100Z 140502319192960 INFO server.cpp PrintInfo 101  : DB Pool Size:  : 8 : 
2026/05/31-10:21:01.457490Z 140502319192960 INFO server.cpp PrintInfo 102  : Redis Host:  : 127.0.0.1 : 
2026/05/31-10:21:01.457588Z 140502319192960 INFO server.cpp PrintInfo 103  : Redis Port:  : 6379 : 
2026/05/31-10:21:01.457669Z 140502319192960 INFO server.cpp PrintInfo 104  : Redis Pool Size:  : 4 : 
2026/05/31-10:21:01.457703Z 140502319192960 INFO server.cpp PrintInfo 105  : Redis TTL:  : 300 : s : 
2026/05/31-10:21:01.457729Z 140502319192960 INFO server.cpp PrintInfo 106  : =================================== : 
2026/05/31-10:21:01.457774Z 140502319192960 INFO server.cpp main 1082  : 初始化MySQL连接池... : 
2026/05/31-10:21:01.572536Z 140502319192960 INFO server.cpp main 1091  : MySQL连接池初始化完成，连接数:  : 8 : 
2026/05/31-10:21:01.572640Z 140502319192960 INFO server.cpp main 1094  : 初始化Redis连接池... : 
2026/05/31-10:21:01.573555Z 140502319192960 INFO server.cpp main 1101  : Redis连接池初始化完成，连接数:  : 4 : 
2026/05/31-10:21:01.574115Z 140502319192960 INFO server.cpp Run 876  : ========== 服务器启动成功 ========== : 
2026/05/31-10:21:01.574216Z 140502319192960 INFO server.cpp Run 877  : 监听地址:  : 127.0.0.1 : : : 6000 : 
2026/05/31-10:21:06.641083Z 140502204675840 INFO server.cpp Handle_Data 578  : 新客户端连接 - fd= : 35 : , 当前连接数= : 1 : 
2026/05/31-10:21:15.313701Z 140502284551936 INFO server.cpp User_Register 644  : [SERVER] 处理注册请求 : 
2026/05/31-10:21:15.313954Z 140502284551936 INFO server.cpp Db_User_Register 130  : [DB] 用户注册 - tel:  : 77777777777 : 
2026/05/31-10:21:15.361466Z 140502284551936 INFO server.cpp Db_User_Register 160  : [DB] 用户注册成功 - tel:  : 77777777777 : 
2026/05/31-10:21:17.995444Z 140502204675840 INFO server.cpp Show_Ticket 688  : [SERVER] 处理查看票务请求 : 
2026/05/31-10:21:17.996143Z 140502204675840 INFO server.cpp Db_Show_Ticket 302  : [Redis] 命中缓存: ticket:list : 
2026/05/31-10:21:20.977573Z 140502204675840 INFO server.cpp Show_Ticket 688  : [SERVER] 处理查看票务请求 : 
2026/05/31-10:21:20.978476Z 140502204675840 INFO server.cpp Db_Show_Ticket 302  : [Redis] 命中缓存: ticket:list : 
2026/05/31-10:21:23.230572Z 140502196283136 INFO server.cpp Yd_Ticket 704  : [SERVER] 处理预约请求 : 
2026/05/31-10:21:23.231412Z 140502196283136 INFO server.cpp Db_Yd_Ticket 371  : [Redis] 获取锁成功:  : lock:ticket:1 : 
2026/05/31-10:21:23.272869Z 140502196283136 INFO server.cpp Db_Yd_Ticket 427  : [Redis] 缓存已清除: ticket:list : 
2026/05/31-10:21:23.274063Z 140502196283136 INFO server.cpp Db_Yd_Ticket 431  : [Redis] 锁已释放:  : lock:ticket:1 : 
2026/05/31-10:23:58.317787Z 140502292944640 INFO server.cpp Handle_Data 763  : 客户端断开连接 - fd= : 35 : 
