2026/05/29-19:17:19.513159Z 139975822387008 INFO LoggerManager.hpp start 44  : 启动日志清理器，保留  : 7 :  天日志 : 
2026/05/29-19:17:19.513911Z 139975822387008 INFO server.cpp main 722  : 加载配置文件:  : ../my.conf : 
2026/05/29-19:17:19.514213Z 139975822387008 INFO server.cpp PrintInfo 64  : ========== Server Config ========== : 
2026/05/29-19:17:19.514652Z 139975822387008 INFO server.cpp PrintInfo 65  : Listen IP:  : 127.0.0.1 : 
2026/05/29-19:17:19.514700Z 139975822387008 INFO server.cpp PrintInfo 66  : Listen Port:  : 6000 : 
2026/05/29-19:17:19.514726Z 139975822387008 INFO server.cpp PrintInfo 67  : Listen Max:  : 1024 : 
2026/05/29-19:17:19.514750Z 139975822387008 INFO server.cpp PrintInfo 68  : Thread Core Num:  : 4 : 
2026/05/29-19:17:19.514776Z 139975822387008 INFO server.cpp PrintInfo 69  : Thread Max Num:  : 17 : 
2026/05/29-19:17:19.514799Z 139975822387008 INFO server.cpp PrintInfo 70  : Task Queue Max:  : 1024 : 
2026/05/29-19:17:19.514822Z 139975822387008 INFO server.cpp PrintInfo 71  : Task Wait Time:  : 10 : us : 
2026/05/29-19:17:19.514998Z 139975822387008 INFO server.cpp PrintInfo 72  : Thread Wait Time:  : 10 : s : 
2026/05/29-19:17:19.515095Z 139975822387008 INFO server.cpp PrintInfo 73  : Enable Log Clean:  : 1 : 
2026/05/29-19:17:19.515160Z 139975822387008 INFO server.cpp PrintInfo 74  : Log Keep Days:  : 7 :  days : 
2026/05/29-19:17:19.515188Z 139975822387008 INFO server.cpp PrintInfo 75  : Log Directory:  : ./ : 
2026/05/29-19:17:19.515210Z 139975822387008 INFO server.cpp PrintInfo 76  : DB Host:  : 127.0.0.1 : 
2026/05/29-19:17:19.515233Z 139975822387008 INFO server.cpp PrintInfo 77  : DB Port:  : 3306 : 
2026/05/29-19:17:19.515255Z 139975822387008 INFO server.cpp PrintInfo 78  : DB Name:  : epoll_project : 
2026/05/29-19:17:19.515278Z 139975822387008 INFO server.cpp PrintInfo 79  : DB User:  : root : 
2026/05/29-19:17:19.515300Z 139975822387008 INFO server.cpp PrintInfo 80  : DB Pool Size:  : 8 : 
2026/05/29-19:17:19.515323Z 139975822387008 INFO server.cpp PrintInfo 81  : =================================== : 
2026/05/29-19:17:19.515373Z 139975822387008 INFO server.cpp main 726  : 初始化MySQL连接池... : 
2026/05/29-19:17:19.912249Z 139975822387008 INFO server.cpp main 735  : MySQL连接池初始化完成，连接数:  : 8 : 
2026/05/29-19:17:19.913208Z 139975822387008 INFO server.cpp Run 637  : ========== 服务器启动成功 ========== : 
2026/05/29-19:17:19.913282Z 139975822387008 INFO server.cpp Run 638  : 监听地址:  : 127.0.0.1 : : : 6000 : 
2026/05/29-19:17:33.27537Z 139975779362560 INFO server.cpp Handle_Data 400  : 新客户端连接 - fd= : 14 : , 当前连接数= : 1 : 
2026/05/29-19:17:41.197512Z 139975779362560 INFO server.cpp User_Login 477  : [SERVER] 处理登录请求 : 
2026/05/29-19:17:41.286959Z 139975779362560 INFO server.cpp User_Login 491  : 用户登录成功 - tel:  : 11111111111 : , name:  : wf : 
2026/05/29-19:17:44.405937Z 139975770969856 INFO server.cpp Show_Ticket 501  : [SERVER] 处理查看票务请求 : 
2026/05/29-19:17:46.539659Z 139975770969856 INFO server.cpp Show_Ticket 501  : [SERVER] 处理查看票务请求 : 
2026/05/29-19:17:48.53248Z 139975770969856 INFO server.cpp Yd_Ticket 516  : [SERVER] 处理预约请求 : 
2026/05/29-19:17:50.557512Z 139975796147968 INFO server.cpp Show_My_Yuyue 533  : [SERVER] 处理查看我的预约请求 : 
2026/05/29-19:17:58.499130Z 139975796147968 INFO server.cpp Show_My_Yuyue 533  : [SERVER] 处理查看我的预约请求 : 
2026/05/29-19:18:02.767866Z 139975787755264 INFO server.cpp Cancel_Yuyue 550  : [SERVER] 处理取消预约请求 : 
2026/05/29-19:18:04.253580Z 139975796147968 INFO server.cpp Show_My_Yuyue 533  : [SERVER] 处理查看我的预约请求 : 
2026/05/29-19:18:06.598647Z 139975779362560 INFO server.cpp Handle_Data 572  : 客户端断开连接 - fd= : 14 : 
