2026/05/31-10:19:05.662262Z 140301712624512 INFO LoggerManager.hpp start 44  : 启动日志清理器，保留  : 7 :  天日志 : 
2026/05/31-10:19:05.662828Z 140301712624512 INFO server.cpp main 1078  : 加载配置文件:  : ../my.conf : 
2026/05/31-10:19:05.663073Z 140301712624512 INFO server.cpp PrintInfo 85  : ========== Server Config ========== : 
2026/05/31-10:19:05.663158Z 140301712624512 INFO server.cpp PrintInfo 86  : Listen IP:  : 127.0.0.1 : 
2026/05/31-10:19:05.663226Z 140301712624512 INFO server.cpp PrintInfo 87  : Listen Port:  : 6000 : 
2026/05/31-10:19:05.663292Z 140301712624512 INFO server.cpp PrintInfo 88  : Listen Max:  : 1024 : 
2026/05/31-10:19:05.663410Z 140301712624512 INFO server.cpp PrintInfo 89  : Thread Core Num:  : 4 : 
2026/05/31-10:19:05.663554Z 140301712624512 INFO server.cpp PrintInfo 90  : Thread Max Num:  : 17 : 
2026/05/31-10:19:05.663703Z 140301712624512 INFO server.cpp PrintInfo 91  : Task Queue Max:  : 1024 : 
2026/05/31-10:19:05.663772Z 140301712624512 INFO server.cpp PrintInfo 92  : Task Wait Time:  : 10 : us : 
2026/05/31-10:19:05.663836Z 140301712624512 INFO server.cpp PrintInfo 93  : Thread Wait Time:  : 10 : s : 
2026/05/31-10:19:05.663985Z 140301712624512 INFO server.cpp PrintInfo 94  : Enable Log Clean:  : 1 : 
2026/05/31-10:19:05.664052Z 140301712624512 INFO server.cpp PrintInfo 95  : Log Keep Days:  : 7 :  days : 
2026/05/31-10:19:05.664203Z 140301712624512 INFO server.cpp PrintInfo 96  : Log Directory:  : ./ : 
2026/05/31-10:19:05.664357Z 140301712624512 INFO server.cpp PrintInfo 97  : DB Host:  : 127.0.0.1 : 
2026/05/31-10:19:05.664419Z 140301712624512 INFO server.cpp PrintInfo 98  : DB Port:  : 3306 : 
2026/05/31-10:19:05.664633Z 140301712624512 INFO server.cpp PrintInfo 99  : DB Name:  : epoll_project : 
2026/05/31-10:19:05.664701Z 140301712624512 INFO server.cpp PrintInfo 100  : DB User:  : root : 
2026/05/31-10:19:05.665085Z 140301712624512 INFO server.cpp PrintInfo 101  : DB Pool Size:  : 8 : 
2026/05/31-10:19:05.665167Z 140301712624512 INFO server.cpp PrintInfo 102  : Redis Host:  : 127.0.0.1 : 
2026/05/31-10:19:05.665218Z 140301712624512 INFO server.cpp PrintInfo 103  : Redis Port:  : 6379 : 
2026/05/31-10:19:05.665265Z 140301712624512 INFO server.cpp PrintInfo 104  : Redis Pool Size:  : 4 : 
2026/05/31-10:19:05.665311Z 140301712624512 INFO server.cpp PrintInfo 105  : Redis TTL:  : 300 : s : 
2026/05/31-10:19:05.665356Z 140301712624512 INFO server.cpp PrintInfo 106  : =================================== : 
2026/05/31-10:19:05.665450Z 140301712624512 INFO server.cpp main 1082  : 初始化MySQL连接池... : 
2026/05/31-10:19:05.803066Z 140301712624512 INFO server.cpp main 1091  : MySQL连接池初始化完成，连接数:  : 8 : 
2026/05/31-10:19:05.803187Z 140301712624512 INFO server.cpp main 1094  : 初始化Redis连接池... : 
2026/05/31-10:19:05.803839Z 140301712624512 INFO server.cpp main 1101  : Redis连接池初始化完成，连接数:  : 4 : 
2026/05/31-10:19:05.804567Z 140301712624512 INFO server.cpp Run 876  : ========== 服务器启动成功 ========== : 
2026/05/31-10:19:05.804777Z 140301712624512 INFO server.cpp Run 877  : 监听地址:  : 127.0.0.1 : : : 6000 : 
2026/05/31-10:19:08.727584Z 140301616281344 INFO server.cpp Handle_Data 578  : 新客户端连接 - fd= : 35 : , 当前连接数= : 1 : 
2026/05/31-10:19:08.729012Z 140301591103232 INFO server.cpp User_Register 644  : [SERVER] 处理注册请求 : 
2026/05/31-10:19:08.729243Z 140301591103232 INFO server.cpp Db_User_Register 130  : [DB] 用户注册 - tel:  : 13999999999 : 
2026/05/31-10:19:08.777746Z 140301591103232 INFO server.cpp Db_User_Register 160  : [DB] 用户注册成功 - tel:  : 13999999999 : 
2026/05/31-10:19:09.283785Z 140301591103232 INFO server.cpp User_Login 663  : [SERVER] 处理登录请求 : 
2026/05/31-10:19:09.294462Z 140301591103232 INFO server.cpp User_Login 677  : 用户登录成功 - tel:  : 13999999999 : , name:  : testuser001 : 
2026/05/31-10:19:09.797971Z 140301616281344 INFO server.cpp Show_Ticket 688  : [SERVER] 处理查看票务请求 : 
2026/05/31-10:19:09.798953Z 140301616281344 INFO server.cpp Db_Show_Ticket 307  : [Redis] 缓存未命中，从数据库查询 : 
2026/05/31-10:19:09.834908Z 140301616281344 INFO server.cpp Db_Show_Ticket 355  : [Redis] 缓存已更新: ticket:list, TTL= : 300 : 
2026/05/31-10:19:09.837841Z 140301591103232 INFO server.cpp Handle_Data 763  : 客户端断开连接 - fd= : 35 : 
