2026/05/30-14:46:18.458166Z 139860021578624 INFO LoggerManager.hpp start 44  : 启动日志清理器，保留  : 7 :  天日志 : 
2026/05/30-14:46:18.458825Z 139860021578624 INFO server.cpp main 912  : 加载配置文件:  : ../my.conf : 
2026/05/30-14:46:18.458948Z 139860021578624 INFO server.cpp PrintInfo 85  : ========== Server Config ========== : 
2026/05/30-14:46:18.458997Z 139860021578624 INFO server.cpp PrintInfo 86  : Listen IP:  : 127.0.0.1 : 
2026/05/30-14:46:18.459023Z 139860021578624 INFO server.cpp PrintInfo 87  : Listen Port:  : 6000 : 
2026/05/30-14:46:18.459049Z 139860021578624 INFO server.cpp PrintInfo 88  : Listen Max:  : 1024 : 
2026/05/30-14:46:18.459072Z 139860021578624 INFO server.cpp PrintInfo 89  : Thread Core Num:  : 4 : 
2026/05/30-14:46:18.459095Z 139860021578624 INFO server.cpp PrintInfo 90  : Thread Max Num:  : 17 : 
2026/05/30-14:46:18.459119Z 139860021578624 INFO server.cpp PrintInfo 91  : Task Queue Max:  : 1024 : 
2026/05/30-14:46:18.459142Z 139860021578624 INFO server.cpp PrintInfo 92  : Task Wait Time:  : 10 : us : 
2026/05/30-14:46:18.459162Z 139860021578624 INFO server.cpp PrintInfo 93  : Thread Wait Time:  : 10 : s : 
2026/05/30-14:46:18.459181Z 139860021578624 INFO server.cpp PrintInfo 94  : Enable Log Clean:  : 1 : 
2026/05/30-14:46:18.459200Z 139860021578624 INFO server.cpp PrintInfo 95  : Log Keep Days:  : 7 :  days : 
2026/05/30-14:46:18.459220Z 139860021578624 INFO server.cpp PrintInfo 96  : Log Directory:  : ./ : 
2026/05/30-14:46:18.459239Z 139860021578624 INFO server.cpp PrintInfo 97  : DB Host:  : 127.0.0.1 : 
2026/05/30-14:46:18.459257Z 139860021578624 INFO server.cpp PrintInfo 98  : DB Port:  : 3306 : 
2026/05/30-14:46:18.459276Z 139860021578624 INFO server.cpp PrintInfo 99  : DB Name:  : epoll_project : 
2026/05/30-14:46:18.459295Z 139860021578624 INFO server.cpp PrintInfo 100  : DB User:  : root : 
2026/05/30-14:46:18.459314Z 139860021578624 INFO server.cpp PrintInfo 101  : DB Pool Size:  : 8 : 
2026/05/30-14:46:18.459333Z 139860021578624 INFO server.cpp PrintInfo 102  : Redis Host:  : 127.0.0.1 : 
2026/05/30-14:46:18.459352Z 139860021578624 INFO server.cpp PrintInfo 103  : Redis Port:  : 6379 : 
2026/05/30-14:46:18.459373Z 139860021578624 INFO server.cpp PrintInfo 104  : Redis Pool Size:  : 4 : 
2026/05/30-14:46:18.459391Z 139860021578624 INFO server.cpp PrintInfo 105  : Redis TTL:  : 300 : s : 
2026/05/30-14:46:18.459412Z 139860021578624 INFO server.cpp PrintInfo 106  : =================================== : 
2026/05/30-14:46:18.459430Z 139860021578624 INFO server.cpp main 916  : 初始化MySQL连接池... : 
2026/05/30-14:46:18.598132Z 139860021578624 INFO server.cpp main 925  : MySQL连接池初始化完成，连接数:  : 8 : 
2026/05/30-14:46:18.598464Z 139860021578624 INFO server.cpp main 928  : 初始化Redis连接池... : 
2026/05/30-14:46:18.599238Z 139860021578624 INFO server.cpp main 935  : Redis连接池初始化完成，连接数:  : 4 : 
2026/05/30-14:46:18.600530Z 139860021578624 INFO server.cpp Run 824  : ========== 服务器启动成功 ========== : 
2026/05/30-14:46:18.600757Z 139860021578624 INFO server.cpp Run 825  : 监听地址:  : 127.0.0.1 : : : 6000 : 
2026/05/30-14:46:20.471803Z 139859897345792 INFO server.cpp Handle_Data 578  : 新客户端连接 - fd= : 36 : , 当前连接数= : 1 : 
2026/05/30-14:46:20.475578Z 139859995330304 INFO server.cpp Handle_Data 759  : 客户端断开连接 - fd= : 36 : 
