2026/05/30-14:46:34.497210Z 139993165159296 INFO LoggerManager.hpp start 44  : 启动日志清理器，保留  : 7 :  天日志 : 
2026/05/30-14:46:34.497593Z 139993165159296 INFO server.cpp main 912  : 加载配置文件:  : ../my.conf : 
2026/05/30-14:46:34.497684Z 139993165159296 INFO server.cpp PrintInfo 85  : ========== Server Config ========== : 
2026/05/30-14:46:34.497816Z 139993165159296 INFO server.cpp PrintInfo 86  : Listen IP:  : 127.0.0.1 : 
2026/05/30-14:46:34.497844Z 139993165159296 INFO server.cpp PrintInfo 87  : Listen Port:  : 6000 : 
2026/05/30-14:46:34.497893Z 139993165159296 INFO server.cpp PrintInfo 88  : Listen Max:  : 1024 : 
2026/05/30-14:46:34.497941Z 139993165159296 INFO server.cpp PrintInfo 89  : Thread Core Num:  : 4 : 
2026/05/30-14:46:34.497987Z 139993165159296 INFO server.cpp PrintInfo 90  : Thread Max Num:  : 17 : 
2026/05/30-14:46:34.498031Z 139993165159296 INFO server.cpp PrintInfo 91  : Task Queue Max:  : 1024 : 
2026/05/30-14:46:34.498075Z 139993165159296 INFO server.cpp PrintInfo 92  : Task Wait Time:  : 10 : us : 
2026/05/30-14:46:34.498120Z 139993165159296 INFO server.cpp PrintInfo 93  : Thread Wait Time:  : 10 : s : 
2026/05/30-14:46:34.498164Z 139993165159296 INFO server.cpp PrintInfo 94  : Enable Log Clean:  : 1 : 
2026/05/30-14:46:34.498207Z 139993165159296 INFO server.cpp PrintInfo 95  : Log Keep Days:  : 7 :  days : 
2026/05/30-14:46:34.498252Z 139993165159296 INFO server.cpp PrintInfo 96  : Log Directory:  : ./ : 
2026/05/30-14:46:34.498295Z 139993165159296 INFO server.cpp PrintInfo 97  : DB Host:  : 127.0.0.1 : 
2026/05/30-14:46:34.498338Z 139993165159296 INFO server.cpp PrintInfo 98  : DB Port:  : 3306 : 
2026/05/30-14:46:34.498381Z 139993165159296 INFO server.cpp PrintInfo 99  : DB Name:  : epoll_project : 
2026/05/30-14:46:34.498424Z 139993165159296 INFO server.cpp PrintInfo 100  : DB User:  : root : 
2026/05/30-14:46:34.498466Z 139993165159296 INFO server.cpp PrintInfo 101  : DB Pool Size:  : 8 : 
2026/05/30-14:46:34.498509Z 139993165159296 INFO server.cpp PrintInfo 102  : Redis Host:  : 127.0.0.1 : 
2026/05/30-14:46:34.498552Z 139993165159296 INFO server.cpp PrintInfo 103  : Redis Port:  : 6379 : 
2026/05/30-14:46:34.498595Z 139993165159296 INFO server.cpp PrintInfo 104  : Redis Pool Size:  : 4 : 
2026/05/30-14:46:34.498638Z 139993165159296 INFO server.cpp PrintInfo 105  : Redis TTL:  : 300 : s : 
2026/05/30-14:46:34.498682Z 139993165159296 INFO server.cpp PrintInfo 106  : =================================== : 
2026/05/30-14:46:34.498724Z 139993165159296 INFO server.cpp main 916  : 初始化MySQL连接池... : 
2026/05/30-14:46:34.643627Z 139993165159296 INFO server.cpp main 925  : MySQL连接池初始化完成，连接数:  : 8 : 
2026/05/30-14:46:34.643880Z 139993165159296 INFO server.cpp main 928  : 初始化Redis连接池... : 
2026/05/30-14:46:34.644657Z 139993165159296 INFO server.cpp main 935  : Redis连接池初始化完成，连接数:  : 4 : 
2026/05/30-14:46:34.645800Z 139993165159296 INFO server.cpp Run 824  : ========== 服务器启动成功 ========== : 
2026/05/30-14:46:34.645909Z 139993165159296 INFO server.cpp Run 825  : 监听地址:  : 127.0.0.1 : : : 6000 : 
2026/05/30-14:46:36.503357Z 139993138910976 INFO server.cpp Handle_Data 578  : 新客户端连接 - fd= : 36 : , 当前连接数= : 1 : 
2026/05/30-14:46:36.504093Z 139993049724672 INFO server.cpp User_Register 641  : [SERVER] 处理注册请求 : 
2026/05/30-14:46:36.504195Z 139993049724672 INFO server.cpp Db_User_Register 130  : [DB] 用户注册 - tel:  : 13800138000 : 
2026/05/30-14:46:36.720711Z 139993049724672 INFO server.cpp Db_User_Register 160  : [DB] 用户注册成功 - tel:  : 13800138000 : 
2026/05/30-14:46:36.722877Z 139993138910976 INFO server.cpp Show_Ticket 685  : [SERVER] 处理查看票务请求 : 
2026/05/30-14:46:36.727003Z 139993138910976 INFO server.cpp Db_Show_Ticket 307  : [Redis] 缓存未命中，从数据库查询 : 
2026/05/30-14:46:36.754814Z 139993138910976 INFO server.cpp Db_Show_Ticket 355  : [Redis] 缓存已更新: ticket:list, TTL= : 300 : 
2026/05/30-14:46:36.756528Z 139993041331968 INFO server.cpp Yd_Ticket 701  : [SERVER] 处理预约请求 : 
2026/05/30-14:46:36.758120Z 139993041331968 INFO server.cpp Db_Yd_Ticket 371  : [Redis] 获取锁成功:  : lock:ticket:0 : 
2026/05/30-14:46:36.792069Z 139993049724672 INFO server.cpp Show_My_Yuyue 719  : [SERVER] 处理查看我的预约请求 : 
2026/05/30-14:46:36.807096Z 139993049724672 INFO server.cpp Cancel_Yuyue 737  : [SERVER] 处理取消预约请求 : 
2026/05/30-14:46:36.807522Z 139993049724672 INFO server.cpp Db_Cancel_Yuyue 501  : [Redis] 获取锁成功:  : lock:ticket:0 : 
