2026/06/02-09:33:44.40101Z 139958430854016 INFO LoggerManager.hpp start 44  : 启动日志清理器，保留  : 7 :  天日志 : 
2026/06/02-09:33:44.40798Z 139958430854016 INFO server.cpp main 1051  : 加载配置文件:  : ../my.conf : 
2026/06/02-09:33:44.40905Z 139958430854016 INFO server.cpp PrintInfo 85  : ========== Server Config ========== : 
2026/06/02-09:33:44.40961Z 139958430854016 INFO server.cpp PrintInfo 86  : Listen IP:  : 127.0.0.1 : 
2026/06/02-09:33:44.40989Z 139958430854016 INFO server.cpp PrintInfo 87  : Listen Port:  : 6000 : 
2026/06/02-09:33:44.41014Z 139958430854016 INFO server.cpp PrintInfo 88  : Listen Max:  : 1024 : 
2026/06/02-09:33:44.41038Z 139958430854016 INFO server.cpp PrintInfo 89  : Thread Core Num:  : 4 : 
2026/06/02-09:33:44.41062Z 139958430854016 INFO server.cpp PrintInfo 90  : Thread Max Num:  : 17 : 
2026/06/02-09:33:44.41085Z 139958430854016 INFO server.cpp PrintInfo 91  : Task Queue Max:  : 1024 : 
2026/06/02-09:33:44.41108Z 139958430854016 INFO server.cpp PrintInfo 92  : Task Wait Time:  : 10 : us : 
2026/06/02-09:33:44.41133Z 139958430854016 INFO server.cpp PrintInfo 93  : Thread Wait Time:  : 10 : s : 
2026/06/02-09:33:44.41157Z 139958430854016 INFO server.cpp PrintInfo 94  : Enable Log Clean:  : 1 : 
2026/06/02-09:33:44.41180Z 139958430854016 INFO server.cpp PrintInfo 95  : Log Keep Days:  : 7 :  days : 
2026/06/02-09:33:44.41204Z 139958430854016 INFO server.cpp PrintInfo 96  : Log Directory:  : ./ : 
2026/06/02-09:33:44.41228Z 139958430854016 INFO server.cpp PrintInfo 97  : DB Host:  : 127.0.0.1 : 
2026/06/02-09:33:44.41251Z 139958430854016 INFO server.cpp PrintInfo 98  : DB Port:  : 3306 : 
2026/06/02-09:33:44.41349Z 139958430854016 INFO server.cpp PrintInfo 99  : DB Name:  : epoll_project : 
2026/06/02-09:33:44.41383Z 139958430854016 INFO server.cpp PrintInfo 100  : DB User:  : root : 
2026/06/02-09:33:44.41409Z 139958430854016 INFO server.cpp PrintInfo 101  : DB Pool Size:  : 8 : 
2026/06/02-09:33:44.41434Z 139958430854016 INFO server.cpp PrintInfo 102  : Redis Host:  : 127.0.0.1 : 
2026/06/02-09:33:44.41458Z 139958430854016 INFO server.cpp PrintInfo 103  : Redis Port:  : 6379 : 
2026/06/02-09:33:44.41481Z 139958430854016 INFO server.cpp PrintInfo 104  : Redis Pool Size:  : 4 : 
2026/06/02-09:33:44.41505Z 139958430854016 INFO server.cpp PrintInfo 105  : Redis TTL:  : 300 : s : 
2026/06/02-09:33:44.41530Z 139958430854016 INFO server.cpp PrintInfo 106  : =================================== : 
2026/06/02-09:33:44.41553Z 139958430854016 INFO server.cpp main 1055  : 初始化MySQL连接池... : 
2026/06/02-09:33:44.192690Z 139958430854016 INFO server.cpp main 1064  : MySQL连接池初始化完成，连接数:  : 8 : 
2026/06/02-09:33:44.193076Z 139958430854016 INFO server.cpp main 1067  : 初始化Redis连接池... : 
2026/06/02-09:33:44.196152Z 139958430854016 INFO server.cpp main 1074  : Redis连接池初始化完成，连接数:  : 4 : 
2026/06/02-09:33:44.197733Z 139958430854016 INFO server.cpp Run 849  : ========== 服务器启动成功 ========== : 
2026/06/02-09:33:44.197924Z 139958430854016 INFO server.cpp Run 850  : 监听地址:  : 127.0.0.1 : : : 6000 : 
2026/06/02-09:36:00.979800Z 139958404605696 INFO server.cpp Handle_Data 551  : 新客户端连接 - fd= : 35 : , 当前连接数= : 1 : 
2026/06/02-09:39:36.587206Z 139958379427584 INFO server.cpp Handle_Data 551  : 新客户端连接 - fd= : 36 : , 当前连接数= : 2 : 
2026/06/02-09:39:46.623436Z 139958387820288 INFO server.cpp User_Register 617  : [SERVER] 处理注册请求 : 
2026/06/02-09:39:46.623844Z 139958387820288 INFO server.cpp Db_User_Register 130  : [DB] 用户注册 - tel:  : 77777777777 : 
2026/06/02-09:39:46.649392Z 139958387820288 ERROR server.cpp Db_User_Register 157  : 注册失败:  : Duplicate entry '77777777777' for key 'user_info.Tel' : 
2026/06/02-09:39:57.430751Z 139958387820288 INFO server.cpp User_Login 636  : [SERVER] 处理登录请求 : 
2026/06/02-09:39:57.438771Z 139958387820288 INFO server.cpp User_Login 650  : 用户登录成功 - tel:  : 11111111111 : , name:  : wf : 
2026/06/02-09:40:14.701452Z 139958387820288 INFO server.cpp Handle_Data 736  : 客户端断开连接 - fd= : 36 : 
2026/06/02-09:40:17.219489Z 139958404605696 INFO server.cpp Handle_Data 551  : 新客户端连接 - fd= : 36 : , 当前连接数= : 3 : 
2026/06/02-09:40:26.156461Z 139958404605696 INFO server.cpp User_Register 617  : [SERVER] 处理注册请求 : 
2026/06/02-09:40:26.156886Z 139958404605696 INFO server.cpp Db_User_Register 130  : [DB] 用户注册 - tel:  : 99999999999 : 
2026/06/02-09:40:26.184990Z 139958404605696 INFO server.cpp Db_User_Register 160  : [DB] 用户注册成功 - tel:  : 99999999999 : 
2026/06/02-09:40:39.759084Z 139958379427584 INFO server.cpp Show_Ticket 661  : [SERVER] 处理查看票务请求 : 
2026/06/02-09:40:39.759633Z 139958379427584 INFO server.cpp Db_Show_Ticket 280  : [Redis] 缓存未命中，从数据库查询 : 
2026/06/02-09:40:39.767394Z 139958379427584 INFO server.cpp Db_Show_Ticket 328  : [Redis] 缓存已更新: ticket:list, TTL= : 300 : 
2026/06/02-09:40:57.661220Z 139958404605696 INFO server.cpp Show_Ticket 661  : [SERVER] 处理查看票务请求 : 
2026/06/02-09:40:57.662090Z 139958404605696 INFO server.cpp Db_Show_Ticket 275  : [Redis] 命中缓存: ticket:list : 
2026/06/02-09:41:01.146111Z 139958396212992 INFO server.cpp Yd_Ticket 677  : [SERVER] 处理预约请求 : 
2026/06/02-09:41:01.146435Z 139958396212992 INFO server.cpp Db_Yd_Ticket 344  : [Redis] 获取锁成功:  : lock:ticket:3 : 
2026/06/02-09:41:01.193360Z 139958396212992 INFO server.cpp Db_Yd_Ticket 400  : [Redis] 缓存已清除: ticket:list : 
2026/06/02-09:41:01.194962Z 139958396212992 INFO server.cpp Db_Yd_Ticket 404  : [Redis] 锁已释放:  : lock:ticket:3 : 
2026/06/02-09:41:03.559234Z 139958379427584 INFO server.cpp Show_My_Yuyue 695  : [SERVER] 处理查看我的预约请求 : 
2026/06/02-09:41:28.20619Z 139958387820288 INFO server.cpp Cancel_Yuyue 713  : [SERVER] 处理取消预约请求 : 
2026/06/02-09:41:28.21718Z 139958387820288 INFO server.cpp Db_Cancel_Yuyue 474  : [Redis] 获取锁成功:  : lock:ticket:3 : 
2026/06/02-09:41:28.43739Z 139958387820288 INFO server.cpp Db_Cancel_Yuyue 529  : [Redis] 缓存已清除: ticket:list : 
2026/06/02-09:41:28.44927Z 139958387820288 INFO server.cpp Db_Cancel_Yuyue 532  : [Redis] 锁已释放:  : lock:ticket:3 : 
2026/06/02-09:48:07.349934Z 139958404605696 INFO server.cpp File_Check 1017  : [FILE] 检查断点:  : log_demo : , 不存在 : 
2026/06/02-09:48:07.351241Z 139958387820288 INFO server.cpp File_Start 912  : [FILE] 收到文件上传开始请求 : 
2026/06/02-09:48:07.363141Z 139958430854016 ERROR server.cpp Run 857  : epoll_wait错误 : 
2026/06/02-09:48:07.363629Z 139958387820288 INFO server.cpp File_Start 934  : [FILE] 文件准备就绪:  : log_demo : , 偏移:  : 0 : / : 62568 : 
2026/06/02-09:48:07.446451Z 139958404605696 INFO server.cpp File_End 988  : [FILE] 文件上传完成:  : log_demo : , 总大小:  : 62568 : 
2026/06/02-09:55:57.948370Z 139958387820288 INFO server.cpp File_Check 1017  : [FILE] 检查断点:  : 项目学习.md : , 不存在 : 
2026/06/02-09:55:57.949518Z 139958387820288 INFO server.cpp File_Start 912  : [FILE] 收到文件上传开始请求 : 
2026/06/02-09:55:57.960979Z 139958430854016 ERROR server.cpp Run 857  : epoll_wait错误 : 
2026/06/02-09:55:57.961450Z 139958387820288 INFO server.cpp File_Start 934  : [FILE] 文件准备就绪:  : 项目学习.md : , 偏移:  : 0 : / : 135583 : 
2026/06/02-09:55:58.2529Z 139958387820288 INFO server.cpp File_End 988  : [FILE] 文件上传完成:  : 项目学习.md : , 总大小:  : 135583 : 
2026/06/02-10:16:54.135898Z 139958396212992 INFO server.cpp Handle_Data 736  : 客户端断开连接 - fd= : 36 : 
2026/06/02-10:17:50.199409Z 139958404605696 INFO server.cpp Handle_Data 551  : 新客户端连接 - fd= : 36 : , 当前连接数= : 4 : 
2026/06/02-10:18:14.893360Z 139958404605696 INFO server.cpp User_Register 617  : [SERVER] 处理注册请求 : 
2026/06/02-10:18:14.893529Z 139958404605696 INFO server.cpp Db_User_Register 130  : [DB] 用户注册 - tel:  : 12121212121 : 
2026/06/02-10:18:14.911521Z 139958404605696 INFO server.cpp Db_User_Register 160  : [DB] 用户注册成功 - tel:  : 12121212121 : 
2026/06/02-10:18:51.457972Z 139958379427584 INFO server.cpp Handle_Data 736  : 客户端断开连接 - fd= : 36 : 
2026/06/02-10:21:57.830492Z 139958404605696 INFO server.cpp Handle_Data 551  : 新客户端连接 - fd= : 36 : , 当前连接数= : 5 : 
2026/06/02-10:22:06.797174Z 139958379427584 INFO server.cpp User_Register 617  : [SERVER] 处理注册请求 : 
2026/06/02-10:22:06.797535Z 139958379427584 INFO server.cpp Db_User_Register 130  : [DB] 用户注册 - tel:  : 54545454545 : 
2026/06/02-10:22:06.818326Z 139958379427584 INFO server.cpp Db_User_Register 160  : [DB] 用户注册成功 - tel:  : 54545454545 : 
2026/06/02-10:22:23.499404Z 139958396212992 INFO server.cpp Show_Ticket 661  : [SERVER] 处理查看票务请求 : 
2026/06/02-10:22:23.500235Z 139958396212992 INFO server.cpp Db_Show_Ticket 280  : [Redis] 缓存未命中，从数据库查询 : 
2026/06/02-10:22:23.510091Z 139958396212992 INFO server.cpp Db_Show_Ticket 328  : [Redis] 缓存已更新: ticket:list, TTL= : 300 : 
2026/06/02-10:22:30.793983Z 139958379427584 INFO server.cpp Show_Ticket 661  : [SERVER] 处理查看票务请求 : 
2026/06/02-10:22:30.794928Z 139958379427584 INFO server.cpp Db_Show_Ticket 275  : [Redis] 命中缓存: ticket:list : 
2026/06/02-10:22:32.568233Z 139958396212992 INFO server.cpp Yd_Ticket 677  : [SERVER] 处理预约请求 : 
2026/06/02-10:22:32.569276Z 139958396212992 INFO server.cpp Db_Yd_Ticket 344  : [Redis] 获取锁成功:  : lock:ticket:2 : 
2026/06/02-10:22:32.593157Z 139958396212992 INFO server.cpp Db_Yd_Ticket 400  : [Redis] 缓存已清除: ticket:list : 
2026/06/02-10:22:32.595537Z 139958396212992 INFO server.cpp Db_Yd_Ticket 404  : [Redis] 锁已释放:  : lock:ticket:2 : 
2026/06/02-10:22:54.308998Z 139958387820288 INFO server.cpp Show_My_Yuyue 695  : [SERVER] 处理查看我的预约请求 : 
2026/06/02-10:22:56.753229Z 139958404605696 INFO server.cpp Show_My_Yuyue 695  : [SERVER] 处理查看我的预约请求 : 
2026/06/02-10:22:58.126590Z 139958387820288 INFO server.cpp Cancel_Yuyue 713  : [SERVER] 处理取消预约请求 : 
2026/06/02-10:22:58.127489Z 139958387820288 INFO server.cpp Db_Cancel_Yuyue 474  : [Redis] 获取锁成功:  : lock:ticket:2 : 
2026/06/02-10:22:58.151577Z 139958387820288 INFO server.cpp Db_Cancel_Yuyue 529  : [Redis] 缓存已清除: ticket:list : 
2026/06/02-10:22:58.152605Z 139958387820288 INFO server.cpp Db_Cancel_Yuyue 532  : [Redis] 锁已释放:  : lock:ticket:2 : 
2026/06/02-10:23:01.14707Z 139958379427584 INFO server.cpp Handle_Data 736  : 客户端断开连接 - fd= : 36 : 
