2026/05/31-10:25:19.163607Z 140633674410880 INFO LoggerManager.hpp start 44  : 启动日志清理器，保留  : 7 :  天日志 : 
2026/05/31-10:25:19.163860Z 140633674410880 INFO server.cpp main 1078  : 加载配置文件:  : ../my.conf : 
2026/05/31-10:25:19.163920Z 140633674410880 INFO server.cpp PrintInfo 85  : ========== Server Config ========== : 
2026/05/31-10:25:19.163955Z 140633674410880 INFO server.cpp PrintInfo 86  : Listen IP:  : 127.0.0.1 : 
2026/05/31-10:25:19.163975Z 140633674410880 INFO server.cpp PrintInfo 87  : Listen Port:  : 6000 : 
2026/05/31-10:25:19.163994Z 140633674410880 INFO server.cpp PrintInfo 88  : Listen Max:  : 1024 : 
2026/05/31-10:25:19.164013Z 140633674410880 INFO server.cpp PrintInfo 89  : Thread Core Num:  : 4 : 
2026/05/31-10:25:19.164031Z 140633674410880 INFO server.cpp PrintInfo 90  : Thread Max Num:  : 17 : 
2026/05/31-10:25:19.164078Z 140633674410880 INFO server.cpp PrintInfo 91  : Task Queue Max:  : 1024 : 
2026/05/31-10:25:19.164110Z 140633674410880 INFO server.cpp PrintInfo 92  : Task Wait Time:  : 10 : us : 
2026/05/31-10:25:19.164135Z 140633674410880 INFO server.cpp PrintInfo 93  : Thread Wait Time:  : 10 : s : 
2026/05/31-10:25:19.164156Z 140633674410880 INFO server.cpp PrintInfo 94  : Enable Log Clean:  : 1 : 
2026/05/31-10:25:19.164248Z 140633674410880 INFO server.cpp PrintInfo 95  : Log Keep Days:  : 7 :  days : 
2026/05/31-10:25:19.164387Z 140633674410880 INFO server.cpp PrintInfo 96  : Log Directory:  : ./ : 
2026/05/31-10:25:19.164928Z 140633674410880 INFO server.cpp PrintInfo 97  : DB Host:  : 127.0.0.1 : 
2026/05/31-10:25:19.165008Z 140633674410880 INFO server.cpp PrintInfo 98  : DB Port:  : 3306 : 
2026/05/31-10:25:19.165058Z 140633674410880 INFO server.cpp PrintInfo 99  : DB Name:  : epoll_project : 
2026/05/31-10:25:19.165199Z 140633674410880 INFO server.cpp PrintInfo 100  : DB User:  : root : 
2026/05/31-10:25:19.165265Z 140633674410880 INFO server.cpp PrintInfo 101  : DB Pool Size:  : 8 : 
2026/05/31-10:25:19.165316Z 140633674410880 INFO server.cpp PrintInfo 102  : Redis Host:  : 127.0.0.1 : 
2026/05/31-10:25:19.165363Z 140633674410880 INFO server.cpp PrintInfo 103  : Redis Port:  : 6379 : 
2026/05/31-10:25:19.165407Z 140633674410880 INFO server.cpp PrintInfo 104  : Redis Pool Size:  : 4 : 
2026/05/31-10:25:19.165453Z 140633674410880 INFO server.cpp PrintInfo 105  : Redis TTL:  : 300 : s : 
2026/05/31-10:25:19.165499Z 140633674410880 INFO server.cpp PrintInfo 106  : =================================== : 
2026/05/31-10:25:19.165544Z 140633674410880 INFO server.cpp main 1082  : 初始化MySQL连接池... : 
2026/05/31-10:25:19.299785Z 140633674410880 INFO server.cpp main 1091  : MySQL连接池初始化完成，连接数:  : 8 : 
2026/05/31-10:25:19.300100Z 140633674410880 INFO server.cpp main 1094  : 初始化Redis连接池... : 
2026/05/31-10:25:19.301865Z 140633674410880 INFO server.cpp main 1101  : Redis连接池初始化完成，连接数:  : 4 : 
2026/05/31-10:25:19.303015Z 140633674410880 INFO server.cpp Run 876  : ========== 服务器启动成功 ========== : 
2026/05/31-10:25:19.303203Z 140633674410880 INFO server.cpp Run 877  : 监听地址:  : 127.0.0.1 : : : 6000 : 
2026/05/31-10:25:22.267299Z 140633648162560 INFO server.cpp Handle_Data 578  : 新客户端连接 - fd= : 35 : , 当前连接数= : 1 : 
2026/05/31-10:25:22.268497Z 140633631377152 INFO server.cpp Show_Ticket 688  : [SERVER] 处理查看票务请求 : 
2026/05/31-10:25:22.269843Z 140633631377152 INFO server.cpp Db_Show_Ticket 307  : [Redis] 缓存未命中，从数据库查询 : 
2026/05/31-10:25:22.320886Z 140633631377152 INFO server.cpp Db_Show_Ticket 355  : [Redis] 缓存已更新: ticket:list, TTL= : 300 : 
2026/05/31-10:25:22.322628Z 140633648162560 INFO server.cpp Handle_Data 763  : 客户端断开连接 - fd= : 35 : 
